---
source: crates/query/tests/complete.rs
assertion_line: 210
expression: out
input_file: crates/query/tests/complete/logs/cursor.txt
---
> http.ro|ute = 1
http.route                     field    string, 90         replaces "http.route" at 0..10

> user.id = 7 AND ht|tp.route = 1
context: user.id = 7
http.route                     field    string, 90         replaces "http.route" at 16..26
http.response.status_code      field    int, 80            replaces "http.route" at 16..26

> město = 1 OR us|
user.id                        field    mixed, 40          replaces "us" at 14..16

> http.route = "/ma|tches"
"/matches"                     value    50                 replaces "\"/matches\"" at 13..23
field http.route: string, attribute of 90 records
  3 values: "/matches" in 50, "/languages" in 40, "/login" in 1
